---
source: crates/etl-api/tests/destinations_pipelines.rs
assertion_line: 105
expression: response.config
---
BigQuery {
    project_id: "project-id",
    dataset_id: "dataset-id",
    service_account_key: SerializableSecretString(
        SecretBox<str>([REDACTED]),
    ),
    max_staleness_mins: None,
    connection_pool_size: Some(
        1,
    ),
    type_strategy: NativeOrString,
    value_strategy: Reject,
}
