---
source: crates/etl-api/tests/destinations_pipelines.rs
expression: response.config
---
ReadApiPipelineConfig {
    publication_name: "publication",
    batch: BatchConfig {
        max_fill_ms: 5,
        memory_budget_ratio: 0.2,
        max_bytes: 8388608,
    },
    table_error_retry_delay_ms: 10000,
    table_error_retry_max_attempts: 5,
    max_table_sync_workers: 2,
    max_copy_connections_per_table: 2,
    memory_refresh_interval_ms: 100,
    replication_lag_refresh_interval_ms: 10000,
    memory_backpressure: Some(
        MemoryBackpressureConfig {
            activate_threshold: 0.85,
            resume_threshold: 0.75,
        },
    ),
    table_sync_copy: IncludeAllTables,
    invalidated_slot_behavior: Error,
    replicator_resources: None,
    ducklake_maintenance: None,
    log_level: Some(
        Info,
    ),
}
