---
source: etl-api/tests/destinations_pipelines.rs
expression: response.config
---
FullApiPipelineConfig {
    publication_name: "publication",
    batch: Some(
        BatchConfig {
            max_fill_ms: 5,
            memory_budget_ratio: 0.2,
        },
    ),
    table_error_retry_delay_ms: Some(
        10000,
    ),
    table_error_retry_max_attempts: Some(
        5,
    ),
    max_table_sync_workers: Some(
        2,
    ),
    max_copy_connections_per_table: Some(
        2,
    ),
    memory_refresh_interval_ms: Some(
        100,
    ),
    memory_backpressure: Some(
        MemoryBackpressureConfig {
            activate_threshold: 0.85,
            resume_threshold: 0.75,
        },
    ),
    table_sync_copy: Some(
        IncludeAllTables,
    ),
    invalidated_slot_behavior: Some(
        Error,
    ),
    log_level: Some(
        Info,
    ),
}
