---
source: etl-api/src/k8s/http.rs
expression: secret_json
---
{
  "apiVersion": "v1",
  "data": {
    "catalog-token": "ZXlKMGVYQWlPaUpLVjFRaUxDSmhiR2NpT2lKRlV6STFOaUlzSW10cFpDSTZJakZrTnpGak1HRXlObUl4TURGak9EUTVaVGt4Wm1RMU5qZGpZakE1TlRKbUluMC5leUpsZUhBaU9qSXdOekEzTVRjeE5qQXNJbWxoZENJNk1UYzFOakUwTlRFMU1Dd2lhWE56SWpvaWMzVndZV0poYzJVaUxDSnlaV1lpT2lKaFltTmtaV1puYUdscWJHdHRibTl3Y1hKemRDSXNJbkp2YkdVaU9pSnpaWEoyYVdObFgzSnZiR1VpZlEuWWRUV2trSXZ3alNrWG90M05DMDd4eWpQakdXUU1OekxxNUVQenVtenJkTHp1SHJqLXp1ekktbmx5UXRRNVY3Z1phdXlzbS13R3dtcHp0UlhmUGMzQVE=",
    "s3-access-key-id": "Y2FlNGY0NjliNTY5MjJhMTNmMzNiNjM3YTNjMWU2ZjI=",
    "s3-secret-access-key": "NDUyOWE3ZmMwNzY2NDBjODRiZTgzZGJiNGMyNDI3MTNhOTk0MzE5OTBjYzJmMzIzMGM4MzVjOGJmZjAzYWE2ZQ=="
  },
  "kind": "Secret",
  "metadata": {
    "name": "abcdefghijklmnopqrst-42-iceberg",
    "namespace": "etl-data-plane"
  },
  "type": "Opaque"
}
