---
source: etl-api/src/k8s/http.rs
expression: config_map_json
---
{
  "apiVersion": "v1",
  "data": {
    "base.yaml": "",
    "prod.yaml": "destination: !big_query\n  project_id: project-id\n  dataset_id: dataset-id\n  max_concurrent_streams: 4\npipeline:\n  id: 42\n  publication_name: all-pub\n  pg_connection:\n    host: localhost\n    port: 5432\n    name: postgres\n    username: postgres\n    tls:\n      trusted_root_certs: ''\n      enabled: false\n  batch:\n    max_size: 10000\n    max_fill_ms: 1000\n  table_error_retry_delay_ms: 500\n  table_error_retry_max_attempts: 3\n  max_table_sync_workers: 4\n"
  },
  "kind": "ConfigMap",
  "metadata": {
    "labels": {
      "etl.supabase.com/app-name": "abcdefghijklmnopqrst-42-replicator-app",
      "etl.supabase.com/app-type": "etl-replicator-app"
    },
    "name": "abcdefghijklmnopqrst-42-replicator-config",
    "namespace": "etl-data-plane"
  }
}
