---
source: etl-api/src/k8s/http.rs
expression: config_map_json
---
{
  "apiVersion": "v1",
  "data": {
    "base.json": "",
    "prod.json": "{\"destination\":{\"big_query\":{\"project_id\":\"project-id\",\"dataset_id\":\"dataset-id\",\"max_concurrent_streams\":4}},\"pipeline\":{\"id\":42,\"publication_name\":\"all-pub\",\"replication_slot\":{\"persistence\":\"permanent\"},\"pg_connection\":{\"host\":\"localhost\",\"port\":5432,\"name\":\"postgres\",\"username\":\"postgres\",\"tls\":{\"trusted_root_certs\":\"\",\"enabled\":false},\"keepalive\":null},\"batch\":{\"max_size\":10000,\"max_fill_ms\":1000},\"table_error_retry_delay_ms\":500,\"table_error_retry_max_attempts\":3,\"max_table_sync_workers\":4,\"table_sync_copy\":{\"type\":\"include_all_tables\"}}}"
  },
  "kind": "ConfigMap",
  "metadata": {
    "labels": {
      "etl.supabase.com/app-name": "abcdefghijklmnopqrst-42-replicator-app",
      "etl.supabase.com/app-type": "etl-replicator-app"
    },
    "name": "abcdefghijklmnopqrst-42-replicator-config",
    "namespace": "etl-data-plane"
  }
}
